// Jest Snapshot v1, https://goo.gl/fbAQLP

exports[`PokeDetails unit test should be able to show the pokemon details 1`] = `
<div
  class="sc-beqWaB kfLJyB"
>
  <h1
    class="sc-gueYoa inGTPI"
  >
    pikachu
  </h1>
  <img
    alt="Pokemon pikachu"
    class="sc-dmqHEX gLpXyp"
    src="https://raw.githubusercontent.com/PokeAPI/sprites/master/sprites/pokemon/25.png"
  />
  <div
    class="sc-eDDNvR ooaGM"
  >
    <div
      class="sc-gLDzan ijGLLD"
    >
      <label
        class="sc-hLseeU ircsxu"
      >
        Habilidades
      </label>
      <h2>
        STATIC
      </h2>
      <h2>
        LIGHTNING-ROD
      </h2>
    </div>
    <div
      class="sc-iAEyYk kPInMi"
    >
      <label
        class="sc-jTrPJq eyyiGi"
      >
        Peso
      </label>
      <h2>
        60
      </h2>
    </div>
  </div>
</div>
`;
