// Jest Snapshot v1, https://goo.gl/fbAQLP

exports[`PokeFilter unit test should be able to match snapshot 1`] = `
<div
  class="sc-beqWaB hiqCdz"
>
  <h2>
    Pesquise o Pokemon pelo nome
  </h2>
  <input
    class="sc-dmqHEX hlUAwi"
    placeholder="Test"
    type="text"
    value="Test"
  />
  <h2>
    Filtrar pokemons por região/área
  </h2>
  <p>
    Para filtrar um pokemon por regiao/area, você deve preencher todos os filtros!
  </p>
  <div
    class="sc-gueYoa ienTpA"
  >
    <div
      class="sc-iAEyYk jEYiaI"
    >
      <label
        class="sc-qRumB RfdGC"
      >
        LabelTest
      </label>
      <select
        class="sc-fsQiph NiIQK"
      >
        <option
          value=""
        >
          PlaceholderTest
        </option>
        <option
          value="Option1"
        >
          Option1
        </option>
        <option
          value="Option2"
        >
          Option2
        </option>
      </select>
    </div>
    <div
      class="sc-iAEyYk jEYiaI"
    >
      <label
        class="sc-qRumB RfdGC"
      >
        LabelTest
      </label>
      <select
        class="sc-fsQiph NiIQK"
      >
        <option
          value=""
        >
          PlaceholderTest
        </option>
        <option
          value="Option1"
        >
          Option1
        </option>
        <option
          value="Option2"
        >
          Option2
        </option>
      </select>
    </div>
    <div
      class="sc-iAEyYk jEYiaI"
    >
      <label
        class="sc-qRumB RfdGC"
      >
        LabelTest
      </label>
      <select
        class="sc-fsQiph NiIQK"
      >
        <option
          value=""
        >
          PlaceholderTest
        </option>
        <option
          value="Option1"
        >
          Option1
        </option>
        <option
          value="Option2"
        >
          Option2
        </option>
      </select>
    </div>
    <button
      class="sc-kFuwaP hSKZFG"
    >
      Limpar filtros
    </button>
  </div>
</div>
`;
